[02:57:50] [ServerMain/INFO]: [bootstrap] Running Java 21 (OpenJDK 64-Bit Server VM 21.0.8+9-Ubuntu-0ubuntu124.04.1; Ubuntu null) on Linux 6.8.0-1030-azure (amd64)
[02:57:50] [ServerMain/INFO]: [bootstrap] Loading Paper 1.21.8-10-main@c8a8c0e (2025-07-20T22:11:18Z) for Minecraft 1.21.8
[02:57:50] [ServerMain/INFO]: [PluginInitializerManager] Initializing plugins...
[02:57:50] [ServerMain/INFO]: [PluginInitializerManager] Initialized 5 plugins
[02:57:50] [ServerMain/INFO]: [PluginInitializerManager] Bukkit plugins (5):
 - AngelChest (13.9.4), Geyser-Spigot (2.8.3-SNAPSHOT), SkinsRestorer (15.7.10), ViaVersion (5.4.2), floodgate (2.2.4-SNAPSHOT (b118-40d320a))
[02:57:57] [ServerMain/INFO]: Environment: Environment[sessionHost=https://sessionserver.mojang.com, servicesHost=https://api.minecraftservices.com, name=PROD]
[02:57:59] [ServerMain/INFO]: Loaded 1407 recipes
[02:57:59] [ServerMain/INFO]: Loaded 1520 advancements
[02:57:59] [ServerMain/INFO]: [ca.spottedleaf.dataconverter.minecraft.datatypes.MCTypeRegistry] Initialising converters for DataConverter...
[02:57:59] [ServerMain/INFO]: [ca.spottedleaf.dataconverter.minecraft.datatypes.MCTypeRegistry] Finished initialising converters for DataConverter in 435.5ms
[02:57:59] [Server thread/INFO]: Starting minecraft server version 1.21.8
[02:57:59] [Server thread/INFO]: Loading properties
[02:57:59] [Server thread/INFO]: This server is running Paper version 1.21.8-10-main@c8a8c0e (2025-07-20T22:11:18Z) (Implementing API version 1.21.8-R0.1-SNAPSHOT)
[02:57:59] [Server thread/INFO]: [spark] This server bundles the spark profiler. For more information please visit https://docs.papermc.io/paper/profiling
[02:57:59] [Server thread/INFO]: Server Ping Player Sample Count: 12
[02:57:59] [Server thread/INFO]: Using 4 threads for Netty based IO
[02:58:00] [Server thread/INFO]: [MoonriseCommon] Paper is using 1 worker threads, 1 I/O threads
[02:58:00] [Server thread/INFO]: [ChunkTaskScheduler] Chunk system is using population gen parallelism: true
[02:58:01] [Server thread/INFO]: Default game type: SURVIVAL
[02:58:01] [Server thread/INFO]: Generating keypair
[02:58:01] [Server thread/INFO]: Starting Minecraft server on *:25565
[02:58:01] [Server thread/INFO]: Using epoll channel type
[02:58:01] [Server thread/INFO]: Paper: Using libdeflate (Linux x86_64) compression from Velocity.
[02:58:01] [Server thread/INFO]: Paper: Using OpenSSL 3.x.x (Linux x86_64) cipher from Velocity.
[02:58:01] [Server thread/INFO]: [floodgate] Loading server plugin floodgate v2.2.4-SNAPSHOT (b118-40d320a)
[02:58:03] [Server thread/WARN]: [floodgate] en_ is not a supported Floodgate language.
[02:58:03] [Server thread/INFO]: [floodgate] Took 1,288ms to boot Floodgate
[02:58:03] [Server thread/INFO]: [ViaVersion] Loading server plugin ViaVersion v5.4.2
[02:58:03] [Server thread/INFO]: [ViaVersion] ViaVersion 5.4.2 is now loaded. Registering protocol transformers and injecting...
[02:58:04] [Via-Mappingloader-0/INFO]: [ViaVersion] Loading block connection mappings ...
[02:58:04] [Via-Mappingloader-0/INFO]: [ViaVersion] Using FastUtil Long2ObjectOpenHashMap for block connections
[02:58:04] [Server thread/INFO]: [AngelChest] Loading server plugin AngelChest v13.9.4
[02:58:04] [Server thread/INFO]: [Geyser-Spigot] Loading server plugin Geyser-Spigot v2.8.3-SNAPSHOT
[02:58:05] [Server thread/INFO]: [Geyser-Spigot] Loading extensions...
[02:58:05] [Server thread/INFO]: [Geyser-Spigot] Loaded 0 extension(s)
[02:58:05] [Server thread/INFO]: [SkinsRestorer] Loading server plugin SkinsRestorer v15.7.10
[02:58:05] [Server thread/INFO]: Server permissions file permissions.yml is empty, ignoring it
[02:58:05] [Server thread/INFO]: [SkinsRestorer] Enabling SkinsRestorer v15.7.10
[02:58:06] [Server thread/INFO]: [SkinsRestorer] Running on Minecraft 1.21.8.
[02:58:06] [Server thread/INFO]: [SkinsRestorer] Floodgate skin listener registered
[02:58:06] [Server thread/INFO]: [SkinsRestorer] Using paper join listener!
[02:58:06] [Server thread/WARN]: **** SERVER IS RUNNING IN OFFLINE/INSECURE MODE!
[02:58:06] [Server thread/WARN]: The server will make no attempt to authenticate usernames. Beware.
[02:58:06] [Server thread/WARN]: While this makes the game possible to play without internet access, it also opens up the ability for hackers to connect with any username they choose.
[02:58:06] [Server thread/WARN]: To change this, set "online-mode" to "true" in the server.properties file.
[02:58:06] [Server thread/INFO]: Preparing level "world"
[02:58:07] [Folia Async Scheduler Thread #1/INFO]: [SkinsRestorer] ----------------------------------------------
[02:58:07] [Folia Async Scheduler Thread #1/INFO]: [SkinsRestorer]     +==================+
[02:58:07] [Folia Async Scheduler Thread #1/INFO]: [SkinsRestorer]     |   SkinsRestorer  |
[02:58:07] [Folia Async Scheduler Thread #1/INFO]: [SkinsRestorer]     |------------------|
[02:58:07] [Folia Async Scheduler Thread #1/INFO]: [SkinsRestorer]     |  Standalone Mode |
[02:58:07] [Folia Async Scheduler Thread #1/INFO]: [SkinsRestorer]     +==================+
[02:58:07] [Folia Async Scheduler Thread #1/INFO]: [SkinsRestorer] ----------------------------------------------
[02:58:07] [Folia Async Scheduler Thread #1/INFO]: [SkinsRestorer]     Version: 15.7.10
[02:58:07] [Folia Async Scheduler Thread #1/INFO]: [SkinsRestorer]     Commit: 19ef760
[02:58:07] [Folia Async Scheduler Thread #1/INFO]: [SkinsRestorer]     This is the latest version!
[02:58:07] [Folia Async Scheduler Thread #1/INFO]: [SkinsRestorer] ----------------------------------------------
[02:58:07] [Folia Async Scheduler Thread #1/INFO]: [SkinsRestorer] Do you have issues? Read our troubleshooting guide: https://skinsrestorer.net/docs/troubleshooting
[02:58:07] [Folia Async Scheduler Thread #1/INFO]: [SkinsRestorer] Want to support SkinsRestorer? Consider donating: https://skinsrestorer.net/donate
[02:58:07] [Server thread/INFO]: Preparing start region for dimension minecraft:overworld
[02:58:07] [Server thread/INFO]: Preparing spawn area: 0%
[02:58:08] [Server thread/INFO]: Preparing spawn area: 0%
[02:58:08] [Server thread/INFO]: Time elapsed: 976 ms
[02:58:08] [Server thread/INFO]: Preparing start region for dimension minecraft:the_nether
[02:58:08] [Server thread/INFO]: Preparing spawn area: 0%
[02:58:08] [Server thread/INFO]: Time elapsed: 240 ms
[02:58:08] [Server thread/INFO]: Preparing start region for dimension minecraft:the_end
[02:58:08] [Server thread/INFO]: Preparing spawn area: 0%
[02:58:09] [Server thread/INFO]: Time elapsed: 194 ms
[02:58:09] [Server thread/INFO]: [floodgate] Enabling floodgate v2.2.4-SNAPSHOT (b118-40d320a)
[02:58:09] [Server thread/INFO]: [ViaVersion] Enabling ViaVersion v5.4.2
[02:58:09] [Server thread/INFO]: [ViaVersion] ViaVersion detected server version: 1.21.7-1.21.8 (772)
[02:58:09] [Server thread/WARN]: [ViaVersion] ViaVersion does not have any compatible versions for this server version!
[02:58:09] [Server thread/WARN]: [ViaVersion] ViaVersion only supports newer client versions. Use ViaBackwards to allow older versions (ViaRewind for 1.7/1.8) to join.
[02:58:09] [Server thread/WARN]: [ViaVersion] Get setup help at https://viaversion.com/setup or download ViaBackwards/ViaRewind directly at https://ci.viaversion.com/
[02:58:09] [Server thread/WARN]: [ViaVersion] Need more help? Join our Discord at https://viaversion.com/discord
[02:58:09] [Server thread/INFO]: [AngelChest] Enabling AngelChest v13.9.4
[02:58:09] [Server thread/INFO]: [AngelChest] groups.yml does not exist, skipping custom group settings.
[02:58:09] [Server thread/INFO]: [AngelChest] blacklist.yml does not exist, disabling item blacklist.
[02:58:09] [Server thread/INFO]: [AngelChest] Not using premium version, disabling Graveyards feature
[02:58:09] [Server thread/WARN]: [AngelChest] Could not add usage/description to command acopen
[02:58:09] [Server thread/INFO]: [AngelChest] Vault not installed, disabling economy functions.
[02:58:09] [Server thread/INFO]: [AngelChest] [ACF] Enabled Asynchronous Tab Completion Support!
[02:58:09] [Server thread/INFO]: [AngelChest] Successfully enabled AngelChest v13.9.4 (Premium: false)
[02:58:09] [Server thread/INFO]: [Geyser-Spigot] Enabling Geyser-Spigot v2.8.3-SNAPSHOT
[02:58:11] [Server thread/INFO]: [spark] Starting background profiler...
[02:58:11] [Server thread/INFO]: [Geyser-Spigot] ******************************************
[02:58:11] [Server thread/INFO]: [Geyser-Spigot] 
[02:58:11] [Server thread/INFO]: [Geyser-Spigot] Loading Geyser version 2.8.3-b917 (git-master-1dc3f41)
[02:58:11] [Server thread/INFO]: [Geyser-Spigot] 
[02:58:11] [Server thread/INFO]: [Geyser-Spigot] ******************************************
[02:58:15] [GeyserServer-3-1/INFO]: [Geyser-Spigot] Started Geyser on UDP port 5368
[02:58:15] [Server thread/INFO]: [Geyser-Spigot] Done (3.558s)! Run /geyser help for help!
[02:58:15] [Server thread/INFO]: Done preparing level "world" (8.639s)
[02:58:15] [Server thread/INFO]: Running delayed init tasks
[02:58:15] [Craft Scheduler Thread - 2 - ViaVersion/INFO]: [ViaVersion] Finished mapping loading, shutting down loader executor.
[02:58:15] [Server thread/INFO]: Done (26.244s)! For help, type "help"
[02:58:15] [Server thread/WARN]: java.net.UnknownHostException: api.jeff-media.de
[02:58:15] [Server thread/WARN]: 	at java.base/sun.nio.ch.NioSocketImpl.connect(NioSocketImpl.java:567)
[02:58:15] [Server thread/WARN]: 	at java.base/java.net.SocksSocketImpl.connect(SocksSocketImpl.java:327)
[02:58:15] [Server thread/WARN]: 	at java.base/java.net.Socket.connect(Socket.java:751)
[02:58:15] [Server thread/WARN]: 	at java.base/sun.security.ssl.SSLSocketImpl.connect(SSLSocketImpl.java:304)
[02:58:15] [Server thread/WARN]: 	at java.base/sun.net.NetworkClient.doConnect(NetworkClient.java:178)
[02:58:15] [Server thread/WARN]: 	at java.base/sun.net.www.http.HttpClient.openServer(HttpClient.java:531)
[02:58:15] [Server thread/WARN]: 	at java.base/sun.net.www.http.HttpClient.openServer(HttpClient.java:636)
[02:58:15] [Server thread/WARN]: 	at java.base/sun.net.www.protocol.https.HttpsClient.<init>(HttpsClient.java:264)
[02:58:15] [Server thread/WARN]: 	at java.base/sun.net.www.protocol.https.HttpsClient.New(HttpsClient.java:377)
[02:58:15] [Server thread/WARN]: 	at java.base/sun.net.www.protocol.https.AbstractDelegateHttpsURLConnection.getNewHttpClient(AbstractDelegateHttpsURLConnection.java:193)
[02:58:15] [Server thread/WARN]: 	at java.base/sun.net.www.protocol.http.HttpURLConnection.plainConnect0(HttpURLConnection.java:1253)
[02:58:15] [Server thread/WARN]: 	at java.base/sun.net.www.protocol.http.HttpURLConnection.plainConnect(HttpURLConnection.java:1139)
[02:58:15] [Server thread/WARN]: 	at java.base/sun.net.www.protocol.https.AbstractDelegateHttpsURLConnection.connect(AbstractDelegateHttpsURLConnection.java:179)
[02:58:15] [Server thread/WARN]: 	at java.base/sun.net.www.protocol.http.HttpURLConnection.getInputStream0(HttpURLConnection.java:1691)
[02:58:15] [Server thread/WARN]: 	at java.base/sun.net.www.protocol.http.HttpURLConnection.getInputStream(HttpURLConnection.java:1615)
[02:58:15] [Server thread/WARN]: 	at java.base/sun.net.www.protocol.https.HttpsURLConnectionImpl.getInputStream(HttpsURLConnectionImpl.java:223)
[02:58:15] [Server thread/WARN]: 	at AngelChest-13.9.4.jar//de.jeff_media.angelchest.AngelChestMain$$TA.$$case(UpdateChecker.java:203)
[02:58:15] [Server thread/WARN]: 	at org.bukkit.craftbukkit.scheduler.CraftTask.run(CraftTask.java:78)
[02:58:15] [Server thread/WARN]: 	at org.bukkit.craftbukkit.scheduler.CraftAsyncTask.run(CraftAsyncTask.java:57)
[02:58:15] [Server thread/WARN]: 	at com.destroystokyo.paper.ServerSchedulerReportingWrapper.run(ServerSchedulerReportingWrapper.java:22)
[02:58:15] [Server thread/WARN]: 	at java.base/java.util.concurrent.ThreadPoolExecutor.runWorker(ThreadPoolExecutor.java:1144)
[02:58:15] [Server thread/WARN]: 	at java.base/java.util.concurrent.ThreadPoolExecutor$Worker.run(ThreadPoolExecutor.java:642)
[02:58:15] [Server thread/WARN]: 	at java.base/java.lang.Thread.run(Thread.java:1583)
[02:58:15] [Server thread/WARN]: [AngelChest] Could not check for updates.
[02:58:18] [Server thread/INFO]: [AngelChest] ========================================================
[02:58:18] [Server thread/INFO]: [AngelChest] You are using the free version of AngelChest. There is
[02:58:18] [Server thread/INFO]: [AngelChest] also a premium version available, called AngelChestPlus.
[02:58:18] [Server thread/INFO]: [AngelChest] It includes TONS of new features and exclusive Discord
[02:58:18] [Server thread/INFO]: [AngelChest] support. The free version will still receive bugfixes,
[02:58:18] [Server thread/INFO]: [AngelChest] but there won't be ANY new features!
[02:58:18] [Server thread/INFO]: [AngelChest] If you like AngelChest, you will LOVE AngelChestPlus, so
[02:58:18] [Server thread/INFO]: [AngelChest] please consider upgrading! Thank you for using AngelChest.
[02:58:18] [Server thread/INFO]: [AngelChest] 
[02:58:18] [Server thread/INFO]: [AngelChest] https://www.spigotmc.org/resources/88214
[02:58:18] [Server thread/INFO]: [AngelChest] ========================================================
[02:59:49] [User Authenticator #0/INFO]: UUID of player Luis512MC is 5481e4e4-6be3-3172-8677-4830fb8a2f43
[02:59:49] [Server thread/INFO]: [HorriblePlayerLoginEventHack] You have plugins listening to the PlayerLoginEvent, this will cause re-configuration APIs to be unavailable: [SkinsRestorer]
[02:59:51] [Server thread/INFO]: Luis512MC joined the game
[02:59:51] [Server thread/INFO]: Luis512MC[/127.138.194.81:55467] logged in with entity id 18 at ([world_nether]-114.1532141622986, 60.0, -283.2227067979921)
